// Jest Snapshot v1, https://goo.gl/fbAQLP

exports[`Transactions renders Transactions 1`] = `
.c7 {
  display: -webkit-box;
  display: -webkit-flex;
  display: -ms-flexbox;
  display: flex;
  -webkit-flex-direction: row;
  -ms-flex-direction: row;
  flex-direction: row;
  -webkit-flex-wrap: wrap;
  -ms-flex-wrap: wrap;
  flex-wrap: wrap;
  -webkit-box-pack: justify;
  -webkit-justify-content: space-between;
  -ms-flex-pack: justify;
  justify-content: space-between;
  -webkit-align-items: center;
  -webkit-box-align: center;
  -ms-flex-align: center;
  align-items: center;
}

.c11 {
  display: -webkit-box;
  display: -webkit-flex;
  display: -ms-flexbox;
  display: flex;
  -webkit-flex-direction: row;
  -ms-flex-direction: row;
  flex-direction: row;
  -webkit-flex-wrap: wrap;
  -ms-flex-wrap: wrap;
  flex-wrap: wrap;
  -webkit-align-items: center;
  -webkit-box-align: center;
  -ms-flex-align: center;
  align-items: center;
}

.c14 {
  display: -webkit-box;
  display: -webkit-flex;
  display: -ms-flexbox;
  display: flex;
  -webkit-flex-direction: row;
  -ms-flex-direction: row;
  flex-direction: row;
  -webkit-flex-wrap: wrap;
  -ms-flex-wrap: wrap;
  flex-wrap: wrap;
}

.c8 {
  display: -webkit-box;
  display: -webkit-flex;
  display: -ms-flexbox;
  display: flex;
  -webkit-flex-direction: row;
  -ms-flex-direction: row;
  flex-direction: row;
  -webkit-flex-wrap: wrap;
  -ms-flex-wrap: wrap;
  flex-wrap: wrap;
  -webkit-align-items: center;
  -webkit-box-align: center;
  -ms-flex-align: center;
  align-items: center;
  padding-top: 24px !important;
  padding-bottom: 24px !important;
}

.c10 {
  display: -webkit-box;
  display: -webkit-flex;
  display: -ms-flexbox;
  display: flex;
  -webkit-flex-direction: row;
  -ms-flex-direction: row;
  flex-direction: row;
  -webkit-flex-wrap: wrap;
  -ms-flex-wrap: wrap;
  flex-wrap: wrap;
}

.c5 {
  cursor: pointer;
  border: 1px solid #ebf0ff;
  outline: 0;
  background: #fff;
  color: #2B60FF;
  padding: 0.75rem 3rem;
  border-radius: 4px;
  font-size: 13px;
  -webkit-letter-spacing: 1.18px;
  -moz-letter-spacing: 1.18px;
  -ms-letter-spacing: 1.18px;
  letter-spacing: 1.18px;
  line-height: 16px;
  text-transform: uppercase;
  margin: 0;
  font-family: GTCinetype-Bold;
  box-shadow: 0 14px 17px rgba(0,4,18,.16);
  -webkit-transition: all 0.15s ease-out;
  transition: all 0.15s ease-out;
  box-shadow: none !important;
  color: #fff;
  background: #2B60FF;
  border: 1px solid #2B60FF;
  padding-left: 0 !important;
  padding-right: 0 !important;
}

.c5:hover {
  color: #fff;
  background: #003ef7;
  border-color: #003ef7;
}

.c6 {
  cursor: pointer;
  border: 1px solid #ebf0ff;
  outline: 0;
  background: #fff;
  color: #2B60FF;
  padding: 0.75rem 3rem;
  border-radius: 4px;
  font-size: 13px;
  -webkit-letter-spacing: 1.18px;
  -moz-letter-spacing: 1.18px;
  -ms-letter-spacing: 1.18px;
  letter-spacing: 1.18px;
  line-height: 16px;
  text-transform: uppercase;
  margin: 0;
  font-family: GTCinetype-Bold;
  box-shadow: 0 14px 17px rgba(0,4,18,.16);
  -webkit-transition: all 0.15s ease-out;
  transition: all 0.15s ease-out;
  box-shadow: none !important;
  padding-left: 0 !important;
  padding-right: 0 !important;
}

.c6:hover {
  color: #fff;
  background: #003ef7;
  border-color: #003ef7;
}

.c15 {
  cursor: pointer;
  border: 1px solid #ebf0ff;
  outline: 0;
  background: #fff;
  color: #2B60FF;
  padding: 0.75rem 3rem;
  border-radius: 4px;
  font-size: 13px;
  -webkit-letter-spacing: 1.18px;
  -moz-letter-spacing: 1.18px;
  -ms-letter-spacing: 1.18px;
  letter-spacing: 1.18px;
  line-height: 16px;
  text-transform: uppercase;
  margin: 0;
  font-family: GTCinetype-Bold;
  box-shadow: 0 14px 17px rgba(0,4,18,.16);
  -webkit-transition: all 0.15s ease-out;
  transition: all 0.15s ease-out;
  box-shadow: none !important;
  margin-left: 12px !important;
  margin-right: 12px !important;
  padding-left: 12px !important;
  padding-right: 12px !important;
}

.c15:hover {
  color: #fff;
  background: #003ef7;
  border-color: #003ef7;
}

.c16 {
  cursor: pointer;
  border: 1px solid #ebf0ff;
  outline: 0;
  background: #fff;
  color: #2B60FF;
  padding: 0.75rem 3rem;
  border-radius: 4px;
  font-size: 13px;
  -webkit-letter-spacing: 1.18px;
  -moz-letter-spacing: 1.18px;
  -ms-letter-spacing: 1.18px;
  letter-spacing: 1.18px;
  line-height: 16px;
  text-transform: uppercase;
  margin: 0;
  font-family: GTCinetype-Bold;
  box-shadow: 0 14px 17px rgba(0,4,18,.16);
  -webkit-transition: all 0.15s ease-out;
  transition: all 0.15s ease-out;
  box-shadow: none !important;
  padding-left: 12px !important;
  padding-right: 12px !important;
}

.c16:hover {
  color: #fff;
  background: #003ef7;
  border-color: #003ef7;
}

.c1 {
  padding: 0 12px;
  margin-left: auto;
  margin-right: auto;
  height: 100%;
  width: 100%;
  max-width: 1030px;
  display: -webkit-box;
  display: -webkit-flex;
  display: -ms-flexbox;
  display: flex;
  -webkit-flex-direction: column;
  -ms-flex-direction: column;
  flex-direction: column;
}

.c17 {
  width: 100%;
  background: #1A2440 !important;
  padding-top: 24px !important;
  padding-bottom: 24px !important;
}

.c2 {
  font-size: 34px;
  line-height: 51px;
  font-family: Rubik-Regular;
  margin-bottom: 12px;
  margin-top: 24px !important;
}

.c4 {
  display: grid;
  grid-gap: 15px 15px;
  grid-template-columns: repeat( 4,1fr );
  grid-gap: 6px 6px;
  margin-top: 24px !important;
  margin-bottom: 24px !important;
}

.c18 {
  display: grid;
  grid-gap: 15px 15px;
  grid-template-columns: repeat( 1,1fr );
}

.c13 {
  position: relative;
}

.c13::after {
  position: absolute;
  content: '';
  display: -webkit-box;
  display: -webkit-flex;
  display: -ms-flexbox;
  display: flex;
  -webkit-box-pack: center;
  -webkit-justify-content: center;
  -ms-flex-pack: center;
  justify-content: center;
  -webkit-align-items: center;
  -webkit-box-align: center;
  -ms-flex-align: center;
  align-items: center;
  top: 50%;
  right: 1rem;
  -webkit-transform: translateY(-30%);
  -ms-transform: translateY(-30%);
  transform: translateY(-30%);
  border: 6px solid transparent;
  border-color: #ebf0ff transparent transparent transparent;
}

.c13 select {
  width: 100%;
  -webkit-appearance: none;
  -moz-appearance: none;
  -webkit-appearance: none;
  -moz-appearance: none;
  appearance: none;
  border: none;
  border-radius: 4px;
  font-size: 13px;
  line-height: 24px;
  padding: 12px 36px 12px 12px;
  border: 1px solid #ebf0ff;
  background: #fff;
  position: relative;
  color: #2B60FF;
  font-family: GTCinetype-Bold;
}

.c13 select::-ms-expand {
  display: none;
}

.c3 {
  font-size: 16px;
  line-height: 26px;
  font-family: GTCinetype-Regular;
  margin-bottom: 12px;
  margin-right: 48px !important;
}

.c9 {
  font-size: 15px;
  line-height: 22px;
  font-family: GTCinetype-Light;
  margin-bottom: 12px;
  margin-bottom: 0 !important;
  margin-right: 12px !important;
}

.c12 {
  font-size: 15px;
  line-height: 22px;
  font-family: GTCinetype-Light;
  margin-bottom: 12px;
  margin-bottom: 0 !important;
  margin-right: 6px !important;
}

.c0 {
  margin-top: 84px;
}

@media (max-width:766px) {
  .c8 {
    width: 100%;
    -webkit-box-pack: justify;
    -webkit-justify-content: space-between;
    -ms-flex-pack: justify;
    justify-content: space-between;
  }
}

@media (max-width:766px) {
  .c10 {
    width: 100%;
    -webkit-box-pack: justify;
    -webkit-justify-content: space-between;
    -ms-flex-pack: justify;
    justify-content: space-between;
    margin-bottom: 12px;
  }
}

@media (min-width:767px) {
  .c4 {
    grid-gap: 6px 6px;
    grid-template-columns: repeat( 7,1fr );
  }
}

@media (min-width:1024px) {
  .c4 {
    grid-template-columns: repeat( 8,1fr );
  }
}

@media (min-width:767px) {
  .c18 {
    grid-gap: 30px 30px;
    grid-template-columns: repeat( 2,1fr );
  }
}

@media (min-width:1024px) {
  .c18 {
    grid-template-columns: repeat( 3,1fr );
  }
}

<div
  className="c0"
>
  <div
    className="c1"
  >
    <h1
      className="c2"
    >
      Ico summary
    </h1>
    <p
      className="c3"
    >
      Follow the transactions through different stages of our ICO
    </p>
    <div
      className="c4"
    >
      <button
        className="c5"
        onClick={[Function]}
        selected={true}
      >
        All
      </button>
      <button
        className="c6"
        onClick={[Function]}
        selected={false}
      >
        Pre Ico
      </button>
      <button
        className="c6"
        onClick={[Function]}
        selected={false}
      >
        Ico
      </button>
      <button
        className="c6"
        onClick={[Function]}
        selected={false}
      >
        Final Ico
      </button>
    </div>
  </div>
  <div
    className="c1"
  >
    <div
      className="c7"
    >
      <div
        className="c8"
      >
        <p
          className="c9"
        >
          0
           Transactions
        </p>
        <p
          className="c9"
        >
          Page 
          1
           / 
          0
        </p>
      </div>
      <div
        className="c10"
      >
        <div
          className="c11"
        >
          <p
            className="c12"
          >
            Per page
          </p>
          <div
            className="per-page c13"
            onChange={[Function]}
            value={9}
          >
            <select>
              <option
                value="9"
              >
                9
              </option>
              <option
                value="30"
              >
                30
              </option>
              <option
                value="60"
              >
                60
              </option>
              <option
                value="99"
              >
                99
              </option>
            </select>
          </div>
        </div>
        <div
          className="c14"
        >
          <button
            className="prev-page c15"
            onClick={[Function]}
          >
            Prev
          </button>
          <button
            className="next-page c16"
            onClick={[Function]}
          >
            Next
          </button>
        </div>
      </div>
    </div>
  </div>
  <div
    className="c17"
  >
    <div
      className="c1"
    >
      <div
        className="transactions-list c18"
      />
    </div>
  </div>
</div>
`;
